2026-06-06 18:03:47.882 [ERROR] [main] c.a.c.c.enhancer.CallbackClassFileTransformer - Can't transform class com/aionemu/gameserver/utils/ThreadUncaughtExceptionHandler
java.lang.Error: Can't transform class com/aionemu/gameserver/utils/ThreadUncaughtExceptionHandler
	at com.aionemu.commons.callbacks.enhancer.CallbackClassFileTransformer.transform(CallbackClassFileTransformer.java:62) ~[game-server-1.0.0-SNAPSHOT.jar:na]
	at java.instrument/java.lang.instrument.ClassFileTransformer.transform(ClassFileTransformer.java:257) ~[na:na]
	at java.instrument/sun.instrument.TransformerManager.transform(TransformerManager.java:188) ~[na:na]
	at java.instrument/sun.instrument.InstrumentationImpl.transform(InstrumentationImpl.java:594) ~[na:na]
	at java.base/java.lang.ClassLoader.defineClass1(Native Method) ~[na:na]
	at java.base/java.lang.ClassLoader.defineClass(ClassLoader.java:962) ~[na:na]
	at java.base/java.security.SecureClassLoader.defineClass(SecureClassLoader.java:144) ~[na:na]
	at java.base/jdk.internal.loader.BuiltinClassLoader.defineClass(BuiltinClassLoader.java:776) ~[na:na]
	at java.base/jdk.internal.loader.BuiltinClassLoader.findClassOnClassPathOrNull(BuiltinClassLoader.java:691) ~[na:na]
	at java.base/jdk.internal.loader.BuiltinClassLoader.loadClassOrNull(BuiltinClassLoader.java:620) ~[na:na]
	at java.base/jdk.internal.loader.BuiltinClassLoader.loadClass(BuiltinClassLoader.java:578) ~[na:na]
	at java.base/java.lang.ClassLoader.loadClass(ClassLoader.java:490) ~[na:na]
	at com.aionemu.gameserver.GameServer.initUtilityServicesAndConfig(GameServer.java:243) ~[game-server-1.0.0-SNAPSHOT.jar:na]
	at com.aionemu.gameserver.GameServer.main(GameServer.java:133) ~[game-server-1.0.0-SNAPSHOT.jar:na]
Caused by: java.io.IOException: invalid constant type: 18
	at javassist.bytecode.ConstPool.readOne(ConstPool.java:1113) ~[game-server-1.0.0-SNAPSHOT.jar:na]
	at javassist.bytecode.ConstPool.read(ConstPool.java:1056) ~[game-server-1.0.0-SNAPSHOT.jar:na]
	at javassist.bytecode.ConstPool.<init>(ConstPool.java:150) ~[game-server-1.0.0-SNAPSHOT.jar:na]
	at javassist.bytecode.ClassFile.read(ClassFile.java:765) ~[game-server-1.0.0-SNAPSHOT.jar:na]
	at javassist.bytecode.ClassFile.<init>(ClassFile.java:109) ~[game-server-1.0.0-SNAPSHOT.jar:na]
	at javassist.CtClassType.<init>(CtClassType.java:95) ~[game-server-1.0.0-SNAPSHOT.jar:na]
	at javassist.ClassPool.makeClass(ClassPool.java:718) ~[game-server-1.0.0-SNAPSHOT.jar:na]
	at javassist.ClassPool.makeClass(ClassPool.java:696) ~[game-server-1.0.0-SNAPSHOT.jar:na]
	at com.aionemu.commons.callbacks.enhancer.GlobalCallbackEnhancer.transformClass(GlobalCallbackEnhancer.java:45) ~[game-server-1.0.0-SNAPSHOT.jar:na]
	at com.aionemu.commons.callbacks.enhancer.CallbackClassFileTransformer.transform(CallbackClassFileTransformer.java:59) ~[game-server-1.0.0-SNAPSHOT.jar:na]
	... 13 common frames omitted
2026-06-06 18:03:47.884 [ERROR] [main] c.a.c.c.enhancer.CallbackClassFileTransformer - Can't transform class com/aionemu/gameserver/utils/ThreadUncaughtExceptionHandler
java.lang.Error: Can't transform class com/aionemu/gameserver/utils/ThreadUncaughtExceptionHandler
	at com.aionemu.commons.callbacks.enhancer.CallbackClassFileTransformer.transform(CallbackClassFileTransformer.java:62) ~[game-server-1.0.0-SNAPSHOT.jar:na]
	at java.instrument/java.lang.instrument.ClassFileTransformer.transform(ClassFileTransformer.java:257) ~[na:na]
	at java.instrument/sun.instrument.TransformerManager.transform(TransformerManager.java:188) ~[na:na]
	at java.instrument/sun.instrument.InstrumentationImpl.transform(InstrumentationImpl.java:594) ~[na:na]
	at java.base/java.lang.ClassLoader.defineClass1(Native Method) ~[na:na]
	at java.base/java.lang.ClassLoader.defineClass(ClassLoader.java:962) ~[na:na]
	at java.base/java.security.SecureClassLoader.defineClass(SecureClassLoader.java:144) ~[na:na]
	at java.base/jdk.internal.loader.BuiltinClassLoader.defineClass(BuiltinClassLoader.java:776) ~[na:na]
	at java.base/jdk.internal.loader.BuiltinClassLoader.findClassOnClassPathOrNull(BuiltinClassLoader.java:691) ~[na:na]
	at java.base/jdk.internal.loader.BuiltinClassLoader.loadClassOrNull(BuiltinClassLoader.java:620) ~[na:na]
	at java.base/jdk.internal.loader.BuiltinClassLoader.loadClass(BuiltinClassLoader.java:578) ~[na:na]
	at java.base/java.lang.ClassLoader.loadClass(ClassLoader.java:490) ~[na:na]
	at com.aionemu.gameserver.GameServer.initUtilityServicesAndConfig(GameServer.java:243) ~[game-server-1.0.0-SNAPSHOT.jar:na]
	at com.aionemu.gameserver.GameServer.main(GameServer.java:133) ~[game-server-1.0.0-SNAPSHOT.jar:na]
Caused by: java.io.IOException: invalid constant type: 18
	at javassist.bytecode.ConstPool.readOne(ConstPool.java:1113) ~[game-server-1.0.0-SNAPSHOT.jar:na]
	at javassist.bytecode.ConstPool.read(ConstPool.java:1056) ~[game-server-1.0.0-SNAPSHOT.jar:na]
	at javassist.bytecode.ConstPool.<init>(ConstPool.java:150) ~[game-server-1.0.0-SNAPSHOT.jar:na]
	at javassist.bytecode.ClassFile.read(ClassFile.java:765) ~[game-server-1.0.0-SNAPSHOT.jar:na]
	at javassist.bytecode.ClassFile.<init>(ClassFile.java:109) ~[game-server-1.0.0-SNAPSHOT.jar:na]
	at javassist.CtClassType.<init>(CtClassType.java:95) ~[game-server-1.0.0-SNAPSHOT.jar:na]
	at javassist.ClassPool.makeClass(ClassPool.java:718) ~[game-server-1.0.0-SNAPSHOT.jar:na]
	at javassist.ClassPool.makeClass(ClassPool.java:696) ~[game-server-1.0.0-SNAPSHOT.jar:na]
	at com.aionemu.commons.callbacks.enhancer.ObjectCallbackEnhancer.transformClass(ObjectCallbackEnhancer.java:63) ~[game-server-1.0.0-SNAPSHOT.jar:na]
	at com.aionemu.commons.callbacks.enhancer.CallbackClassFileTransformer.transform(CallbackClassFileTransformer.java:59) ~[game-server-1.0.0-SNAPSHOT.jar:na]
	... 13 common frames omitted
2026-06-06 18:03:47.958 [ERROR] [main] c.a.c.c.enhancer.CallbackClassFileTransformer - Can't transform class com/aionemu/gameserver/utils/javaagent/JavaAgentUtils
java.lang.Error: Can't transform class com/aionemu/gameserver/utils/javaagent/JavaAgentUtils
	at com.aionemu.commons.callbacks.enhancer.CallbackClassFileTransformer.transform(CallbackClassFileTransformer.java:62) ~[game-server-1.0.0-SNAPSHOT.jar:na]
	at java.instrument/java.lang.instrument.ClassFileTransformer.transform(ClassFileTransformer.java:257) ~[na:na]
	at java.instrument/sun.instrument.TransformerManager.transform(TransformerManager.java:188) ~[na:na]
	at java.instrument/sun.instrument.InstrumentationImpl.transform(InstrumentationImpl.java:594) ~[na:na]
	at java.base/java.lang.ClassLoader.defineClass1(Native Method) ~[na:na]
	at java.base/java.lang.ClassLoader.defineClass(ClassLoader.java:962) ~[na:na]
	at java.base/java.security.SecureClassLoader.defineClass(SecureClassLoader.java:144) ~[na:na]
	at java.base/jdk.internal.loader.BuiltinClassLoader.defineClass(BuiltinClassLoader.java:776) ~[na:na]
	at java.base/jdk.internal.loader.BuiltinClassLoader.findClassOnClassPathOrNull(BuiltinClassLoader.java:691) ~[na:na]
	at java.base/jdk.internal.loader.BuiltinClassLoader.loadClassOrNull(BuiltinClassLoader.java:620) ~[na:na]
	at java.base/jdk.internal.loader.BuiltinClassLoader.loadClass(BuiltinClassLoader.java:578) ~[na:na]
	at java.base/java.lang.ClassLoader.loadClass(ClassLoader.java:490) ~[na:na]
	at com.aionemu.gameserver.GameServer.initUtilityServicesAndConfig(GameServer.java:245) ~[game-server-1.0.0-SNAPSHOT.jar:na]
	at com.aionemu.gameserver.GameServer.main(GameServer.java:133) ~[game-server-1.0.0-SNAPSHOT.jar:na]
Caused by: java.lang.RuntimeException: java.io.IOException: invalid constant type: 18
	at javassist.CtClassType.getClassFile2(CtClassType.java:204) ~[game-server-1.0.0-SNAPSHOT.jar:na]
	at javassist.CtClassType.subtypeOf(CtClassType.java:304) ~[game-server-1.0.0-SNAPSHOT.jar:na]
	at javassist.compiler.MemberResolver.compareSignature(MemberResolver.java:248) ~[game-server-1.0.0-SNAPSHOT.jar:na]
	at javassist.compiler.MemberResolver.lookupMethod(MemberResolver.java:120) ~[game-server-1.0.0-SNAPSHOT.jar:na]
	at javassist.compiler.MemberResolver.lookupMethod(MemberResolver.java:97) ~[game-server-1.0.0-SNAPSHOT.jar:na]
	at javassist.compiler.TypeChecker.atMethodCallCore(TypeChecker.java:711) ~[game-server-1.0.0-SNAPSHOT.jar:na]
	at javassist.compiler.TypeChecker.atCallExpr(TypeChecker.java:688) ~[game-server-1.0.0-SNAPSHOT.jar:na]
	at javassist.compiler.JvstTypeChecker.atCallExpr(JvstTypeChecker.java:157) ~[game-server-1.0.0-SNAPSHOT.jar:na]
	at javassist.compiler.ast.CallExpr.accept(CallExpr.java:46) ~[game-server-1.0.0-SNAPSHOT.jar:na]
	at javassist.compiler.TypeChecker.atVariableAssign(TypeChecker.java:249) ~[game-server-1.0.0-SNAPSHOT.jar:na]
	at javassist.compiler.TypeChecker.atAssignExpr(TypeChecker.java:218) ~[game-server-1.0.0-SNAPSHOT.jar:na]
	at javassist.compiler.ast.AssignExpr.accept(AssignExpr.java:39) ~[game-server-1.0.0-SNAPSHOT.jar:na]
	at javassist.compiler.CodeGen.doTypeCheck(CodeGen.java:242) ~[game-server-1.0.0-SNAPSHOT.jar:na]
	at javassist.compiler.CodeGen.atStmnt(CodeGen.java:330) ~[game-server-1.0.0-SNAPSHOT.jar:na]
	at javassist.compiler.ast.Stmnt.accept(Stmnt.java:50) ~[game-server-1.0.0-SNAPSHOT.jar:na]
	at javassist.compiler.CodeGen.atStmnt(CodeGen.java:351) ~[game-server-1.0.0-SNAPSHOT.jar:na]
	at javassist.compiler.ast.Stmnt.accept(Stmnt.java:50) ~[game-server-1.0.0-SNAPSHOT.jar:na]
	at javassist.compiler.Javac.compileStmnt(Javac.java:569) ~[game-server-1.0.0-SNAPSHOT.jar:na]
	at javassist.CtBehavior.insertBefore(CtBehavior.java:706) ~[game-server-1.0.0-SNAPSHOT.jar:na]
	at javassist.CtBehavior.insertBefore(CtBehavior.java:686) ~[game-server-1.0.0-SNAPSHOT.jar:na]
	at com.aionemu.commons.callbacks.enhancer.GlobalCallbackEnhancer.enhanceMethod(GlobalCallbackEnhancer.java:99) ~[game-server-1.0.0-SNAPSHOT.jar:na]
	at com.aionemu.commons.callbacks.enhancer.GlobalCallbackEnhancer.transformClass(GlobalCallbackEnhancer.java:61) ~[game-server-1.0.0-SNAPSHOT.jar:na]
	at com.aionemu.commons.callbacks.enhancer.CallbackClassFileTransformer.transform(CallbackClassFileTransformer.java:59) ~[game-server-1.0.0-SNAPSHOT.jar:na]
	... 13 common frames omitted
Caused by: java.io.IOException: invalid constant type: 18
	at javassist.bytecode.ConstPool.readOne(ConstPool.java:1113) ~[game-server-1.0.0-SNAPSHOT.jar:na]
	at javassist.bytecode.ConstPool.read(ConstPool.java:1056) ~[game-server-1.0.0-SNAPSHOT.jar:na]
	at javassist.bytecode.ConstPool.<init>(ConstPool.java:150) ~[game-server-1.0.0-SNAPSHOT.jar:na]
	at javassist.bytecode.ClassFile.read(ClassFile.java:765) ~[game-server-1.0.0-SNAPSHOT.jar:na]
	at javassist.bytecode.ClassFile.<init>(ClassFile.java:109) ~[game-server-1.0.0-SNAPSHOT.jar:na]
	at javassist.CtClassType.getClassFile2(CtClassType.java:191) ~[game-server-1.0.0-SNAPSHOT.jar:na]
	... 35 common frames omitted
2026-06-06 18:03:47.990 [ERROR] [main] c.a.c.c.enhancer.CallbackClassFileTransformer - Can't transform class com/aionemu/gameserver/utils/javaagent/JavaAgentUtils
java.lang.Error: Can't transform class com/aionemu/gameserver/utils/javaagent/JavaAgentUtils
	at com.aionemu.commons.callbacks.enhancer.CallbackClassFileTransformer.transform(CallbackClassFileTransformer.java:62) ~[game-server-1.0.0-SNAPSHOT.jar:na]
	at java.instrument/java.lang.instrument.ClassFileTransformer.transform(ClassFileTransformer.java:257) ~[na:na]
	at java.instrument/sun.instrument.TransformerManager.transform(TransformerManager.java:188) ~[na:na]
	at java.instrument/sun.instrument.InstrumentationImpl.transform(InstrumentationImpl.java:594) ~[na:na]
	at java.base/java.lang.ClassLoader.defineClass1(Native Method) ~[na:na]
	at java.base/java.lang.ClassLoader.defineClass(ClassLoader.java:962) ~[na:na]
	at java.base/java.security.SecureClassLoader.defineClass(SecureClassLoader.java:144) ~[na:na]
	at java.base/jdk.internal.loader.BuiltinClassLoader.defineClass(BuiltinClassLoader.java:776) ~[na:na]
	at java.base/jdk.internal.loader.BuiltinClassLoader.findClassOnClassPathOrNull(BuiltinClassLoader.java:691) ~[na:na]
	at java.base/jdk.internal.loader.BuiltinClassLoader.loadClassOrNull(BuiltinClassLoader.java:620) ~[na:na]
	at java.base/jdk.internal.loader.BuiltinClassLoader.loadClass(BuiltinClassLoader.java:578) ~[na:na]
	at java.base/java.lang.ClassLoader.loadClass(ClassLoader.java:490) ~[na:na]
	at com.aionemu.gameserver.GameServer.initUtilityServicesAndConfig(GameServer.java:245) ~[game-server-1.0.0-SNAPSHOT.jar:na]
	at com.aionemu.gameserver.GameServer.main(GameServer.java:133) ~[game-server-1.0.0-SNAPSHOT.jar:na]
Caused by: java.lang.RuntimeException: java.io.IOException: invalid constant type: 18
	at javassist.CtClassType.getClassFile2(CtClassType.java:204) ~[game-server-1.0.0-SNAPSHOT.jar:na]
	at javassist.compiler.MemberResolver.lookupMethod(MemberResolver.java:111) ~[game-server-1.0.0-SNAPSHOT.jar:na]
	at javassist.compiler.MemberResolver.lookupMethod(MemberResolver.java:97) ~[game-server-1.0.0-SNAPSHOT.jar:na]
	at javassist.compiler.TypeChecker.atMethodCallCore(TypeChecker.java:711) ~[game-server-1.0.0-SNAPSHOT.jar:na]
	at javassist.compiler.TypeChecker.atCallExpr(TypeChecker.java:688) ~[game-server-1.0.0-SNAPSHOT.jar:na]
	at javassist.compiler.JvstTypeChecker.atCallExpr(JvstTypeChecker.java:157) ~[game-server-1.0.0-SNAPSHOT.jar:na]
	at javassist.compiler.ast.CallExpr.accept(CallExpr.java:46) ~[game-server-1.0.0-SNAPSHOT.jar:na]
	at javassist.compiler.CodeGen.doTypeCheck(CodeGen.java:242) ~[game-server-1.0.0-SNAPSHOT.jar:na]
	at javassist.compiler.CodeGen.compileExpr(CodeGen.java:229) ~[game-server-1.0.0-SNAPSHOT.jar:na]
	at javassist.compiler.Javac.compileExpr(Javac.java:608) ~[game-server-1.0.0-SNAPSHOT.jar:na]
	at javassist.CtField$PtreeInitializer.compileExpr(CtField.java:913) ~[game-server-1.0.0-SNAPSHOT.jar:na]
	at javassist.CtField$CodeInitializer0.compile(CtField.java:836) ~[game-server-1.0.0-SNAPSHOT.jar:na]
	at javassist.CtClassType.makeFieldInitializer(CtClassType.java:1598) ~[game-server-1.0.0-SNAPSHOT.jar:na]
	at javassist.CtClassType.modifyConstructors(CtClassType.java:1550) ~[game-server-1.0.0-SNAPSHOT.jar:na]
	at javassist.CtClassType.toBytecode(CtClassType.java:1416) ~[game-server-1.0.0-SNAPSHOT.jar:na]
	at javassist.CtClass.toBytecode(CtClass.java:1292) ~[game-server-1.0.0-SNAPSHOT.jar:na]
	at com.aionemu.commons.callbacks.enhancer.ObjectCallbackEnhancer.transformClass(ObjectCallbackEnhancer.java:91) ~[game-server-1.0.0-SNAPSHOT.jar:na]
	at com.aionemu.commons.callbacks.enhancer.CallbackClassFileTransformer.transform(CallbackClassFileTransformer.java:59) ~[game-server-1.0.0-SNAPSHOT.jar:na]
	... 13 common frames omitted
Caused by: java.io.IOException: invalid constant type: 18
	at javassist.bytecode.ConstPool.readOne(ConstPool.java:1113) ~[game-server-1.0.0-SNAPSHOT.jar:na]
	at javassist.bytecode.ConstPool.read(ConstPool.java:1056) ~[game-server-1.0.0-SNAPSHOT.jar:na]
	at javassist.bytecode.ConstPool.<init>(ConstPool.java:150) ~[game-server-1.0.0-SNAPSHOT.jar:na]
	at javassist.bytecode.ClassFile.read(ClassFile.java:765) ~[game-server-1.0.0-SNAPSHOT.jar:na]
	at javassist.bytecode.ClassFile.<init>(ClassFile.java:109) ~[game-server-1.0.0-SNAPSHOT.jar:na]
	at javassist.CtClassType.getClassFile2(CtClassType.java:191) ~[game-server-1.0.0-SNAPSHOT.jar:na]
	... 30 common frames omitted
2026-06-06 18:03:47.992 [ERROR] [main] com.aionemu.gameserver.GameServer - Failed to start Nexus Connect Game Server.
java.lang.Error: Please configure -javaagent jvm option.
	at com.aionemu.gameserver.utils.javaagent.JavaAgentUtils.isConfigured(JavaAgentUtils.java:18) ~[game-server-1.0.0-SNAPSHOT.jar:na]
	at com.aionemu.gameserver.GameServer.initUtilityServicesAndConfig(GameServer.java:245) ~[game-server-1.0.0-SNAPSHOT.jar:na]
	at com.aionemu.gameserver.GameServer.main(GameServer.java:133) ~[game-server-1.0.0-SNAPSHOT.jar:na]
